Archive member included because of file (symbol)

/home/daniofb/arm-cm3-eabi/lib/gcc/arm-cm3-eabi/4.8.1/libgcc.a(_aeabi_uldivmod.o)
                              build/obj/system_LPC17xx.o (__aeabi_uldivmod)
/home/daniofb/arm-cm3-eabi/lib/gcc/arm-cm3-eabi/4.8.1/libgcc.a(bpabi.o)
                              /home/daniofb/arm-cm3-eabi/lib/gcc/arm-cm3-eabi/4.8.1/libgcc.a(_aeabi_uldivmod.o) (__gnu_uldivmod_helper)
/home/daniofb/arm-cm3-eabi/lib/gcc/arm-cm3-eabi/4.8.1/libgcc.a(_dvmd_tls.o)
                              /home/daniofb/arm-cm3-eabi/lib/gcc/arm-cm3-eabi/4.8.1/libgcc.a(_aeabi_uldivmod.o) (__aeabi_ldiv0)
/home/daniofb/arm-cm3-eabi/lib/gcc/arm-cm3-eabi/4.8.1/libgcc.a(_divdi3.o)
                              /home/daniofb/arm-cm3-eabi/lib/gcc/arm-cm3-eabi/4.8.1/libgcc.a(bpabi.o) (__divdi3)
/home/daniofb/arm-cm3-eabi/lib/gcc/arm-cm3-eabi/4.8.1/libgcc.a(_udivdi3.o)
                              /home/daniofb/arm-cm3-eabi/lib/gcc/arm-cm3-eabi/4.8.1/libgcc.a(bpabi.o) (__udivdi3)
/home/daniofb/arm-cm3-eabi/lib/gcc/arm-cm3-eabi/4.8.1/../../../../arm-cm3-eabi/lib/libc.a(lib_a-memset.o)
                              build/obj/syscalls.o (memset)

Discarded input sections

 .text          0x0000000000000000        0x0 build/obj/crt0.o
 .data          0x0000000000000000        0x0 build/obj/crt0.o
 .bss           0x0000000000000000        0x0 build/obj/crt0.o
 .text.__early_init
                0x0000000000000000        0x4 build/obj/crt0.o
 .text          0x0000000000000000        0x0 build/obj/vectors.o
 .data          0x0000000000000000        0x0 build/obj/vectors.o
 .bss           0x0000000000000000        0x0 build/obj/vectors.o
 .text          0x0000000000000000        0x0 build/obj/chcore.o
 .data          0x0000000000000000        0x0 build/obj/chcore.o
 .bss           0x0000000000000000        0x0 build/obj/chcore.o
 .text.port_halt
                0x0000000000000000        0x4 build/obj/chcore.o
 .debug_info    0x0000000000000000       0x92 build/obj/chcore.o
 .debug_abbrev  0x0000000000000000       0x42 build/obj/chcore.o
 .debug_aranges
                0x0000000000000000       0x20 build/obj/chcore.o
 .debug_ranges  0x0000000000000000       0x10 build/obj/chcore.o
 .debug_line    0x0000000000000000       0x53 build/obj/chcore.o
 .debug_str     0x0000000000000000      0x1a1 build/obj/chcore.o
 .comment       0x0000000000000000       0x12 build/obj/chcore.o
 .ARM.attributes
                0x0000000000000000       0x33 build/obj/chcore.o
 .debug_frame   0x0000000000000000       0x20 build/obj/chcore.o
 .text          0x0000000000000000        0x0 build/obj/chcore_v7m.o
 .data          0x0000000000000000        0x0 build/obj/chcore_v7m.o
 .bss           0x0000000000000000        0x0 build/obj/chcore_v7m.o
 .text          0x0000000000000000        0x0 build/obj/nvic.o
 .data          0x0000000000000000        0x0 build/obj/nvic.o
 .bss           0x0000000000000000        0x0 build/obj/nvic.o
 .text.nvicEnableVector
                0x0000000000000000       0x48 build/obj/nvic.o
 .text.nvicDisableVector
                0x0000000000000000       0x44 build/obj/nvic.o
 .text          0x0000000000000000        0x0 build/obj/chsys.o
 .data          0x0000000000000000        0x0 build/obj/chsys.o
 .bss           0x0000000000000000        0x0 build/obj/chsys.o
 .text          0x0000000000000000        0x0 build/obj/chdebug.o
 .data          0x0000000000000000        0x0 build/obj/chdebug.o
 .bss           0x0000000000000000        0x0 build/obj/chdebug.o
 .debug_info    0x0000000000000000       0x79 build/obj/chdebug.o
 .debug_abbrev  0x0000000000000000       0x26 build/obj/chdebug.o
 .debug_aranges
                0x0000000000000000       0x18 build/obj/chdebug.o
 .debug_line    0x0000000000000000       0x1d build/obj/chdebug.o
 .debug_str     0x0000000000000000      0x192 build/obj/chdebug.o
 .comment       0x0000000000000000       0x12 build/obj/chdebug.o
 .ARM.attributes
                0x0000000000000000       0x33 build/obj/chdebug.o
 .text          0x0000000000000000        0x0 build/obj/chlists.o
 .data          0x0000000000000000        0x0 build/obj/chlists.o
 .bss           0x0000000000000000        0x0 build/obj/chlists.o
 .debug_info    0x0000000000000000       0x79 build/obj/chlists.o
 .debug_abbrev  0x0000000000000000       0x26 build/obj/chlists.o
 .debug_aranges
                0x0000000000000000       0x18 build/obj/chlists.o
 .debug_line    0x0000000000000000       0x1d build/obj/chlists.o
 .debug_str     0x0000000000000000      0x192 build/obj/chlists.o
 .comment       0x0000000000000000       0x12 build/obj/chlists.o
 .ARM.attributes
                0x0000000000000000       0x33 build/obj/chlists.o
 .text          0x0000000000000000        0x0 build/obj/chvt.o
 .data          0x0000000000000000        0x0 build/obj/chvt.o
 .bss           0x0000000000000000        0x0 build/obj/chvt.o
 .text.chTimeIsWithin
                0x0000000000000000       0x34 build/obj/chvt.o
 .text          0x0000000000000000        0x0 build/obj/chschd.o
 .data          0x0000000000000000        0x0 build/obj/chschd.o
 .bss           0x0000000000000000        0x0 build/obj/chschd.o
 .text.chSchDoRescheduleBehind
                0x0000000000000000       0x40 build/obj/chschd.o
 .text.chSchRescheduleS
                0x0000000000000000       0x1c build/obj/chschd.o
 .text          0x0000000000000000        0x0 build/obj/chthreads.o
 .data          0x0000000000000000        0x0 build/obj/chthreads.o
 .bss           0x0000000000000000        0x0 build/obj/chthreads.o
 .text.chThdCreateI
                0x0000000000000000       0x74 build/obj/chthreads.o
 .text.chThdSetPriority
                0x0000000000000000       0x30 build/obj/chthreads.o
 .text.chThdResume
                0x0000000000000000       0x1c build/obj/chthreads.o
 .text.chThdTerminate
                0x0000000000000000       0x18 build/obj/chthreads.o
 .text.chThdSleepUntil
                0x0000000000000000       0x24 build/obj/chthreads.o
 .text.chThdYield
                0x0000000000000000       0x28 build/obj/chthreads.o
 .text.chThdWait
                0x0000000000000000       0x38 build/obj/chthreads.o
 .text          0x0000000000000000        0x0 build/obj/chdynamic.o
 .data          0x0000000000000000        0x0 build/obj/chdynamic.o
 .bss           0x0000000000000000        0x0 build/obj/chdynamic.o
 .text.chThdAddRef
                0x0000000000000000       0x14 build/obj/chdynamic.o
 .text.chThdRelease
                0x0000000000000000       0x50 build/obj/chdynamic.o
 .text.chThdCreateFromHeap
                0x0000000000000000       0x3c build/obj/chdynamic.o
 .text.chThdCreateFromMemoryPool
                0x0000000000000000       0x40 build/obj/chdynamic.o
 .debug_info    0x0000000000000000      0x849 build/obj/chdynamic.o
 .debug_abbrev  0x0000000000000000      0x232 build/obj/chdynamic.o
 .debug_loc     0x0000000000000000      0x1d4 build/obj/chdynamic.o
 .debug_aranges
                0x0000000000000000       0x38 build/obj/chdynamic.o
 .debug_ranges  0x0000000000000000       0x58 build/obj/chdynamic.o
 .debug_line    0x0000000000000000      0x1ee build/obj/chdynamic.o
 .debug_str     0x0000000000000000      0x451 build/obj/chdynamic.o
 .comment       0x0000000000000000       0x12 build/obj/chdynamic.o
 .ARM.attributes
                0x0000000000000000       0x33 build/obj/chdynamic.o
 .debug_frame   0x0000000000000000       0x7c build/obj/chdynamic.o
 .text          0x0000000000000000        0x0 build/obj/chregistry.o
 .data          0x0000000000000000        0x0 build/obj/chregistry.o
 .bss           0x0000000000000000        0x0 build/obj/chregistry.o
 .text.chRegFirstThread
                0x0000000000000000       0x20 build/obj/chregistry.o
 .text.chRegNextThread
                0x0000000000000000       0x2c build/obj/chregistry.o
 .text          0x0000000000000000        0x0 build/obj/chsem.o
 .data          0x0000000000000000        0x0 build/obj/chsem.o
 .bss           0x0000000000000000        0x0 build/obj/chsem.o
 .text.chSemInit
                0x0000000000000000        0x8 build/obj/chsem.o
 .text.chSemResetI
                0x0000000000000000       0x28 build/obj/chsem.o
 .text.chSemReset
                0x0000000000000000       0x18 build/obj/chsem.o
 .text.chSemWaitS
                0x0000000000000000       0x34 build/obj/chsem.o
 .text.chSemWait
                0x0000000000000000       0x14 build/obj/chsem.o
 .text.chSemWaitTimeoutS
                0x0000000000000000       0x44 build/obj/chsem.o
 .text.chSemWaitTimeout
                0x0000000000000000       0x14 build/obj/chsem.o
 .text.chSemSignal
                0x0000000000000000       0x34 build/obj/chsem.o
 .text.chSemSignalI
                0x0000000000000000       0x2c build/obj/chsem.o
 .text.chSemAddCounterI
                0x0000000000000000       0x30 build/obj/chsem.o
 .text.chSemSignalWait
                0x0000000000000000       0x70 build/obj/chsem.o
 .debug_info    0x0000000000000000      0xa78 build/obj/chsem.o
 .debug_abbrev  0x0000000000000000      0x310 build/obj/chsem.o
 .debug_loc     0x0000000000000000      0x4e9 build/obj/chsem.o
 .debug_aranges
                0x0000000000000000       0x70 build/obj/chsem.o
 .debug_ranges  0x0000000000000000      0x110 build/obj/chsem.o
 .debug_line    0x0000000000000000      0x2e7 build/obj/chsem.o
 .debug_str     0x0000000000000000      0x453 build/obj/chsem.o
 .comment       0x0000000000000000       0x12 build/obj/chsem.o
 .ARM.attributes
                0x0000000000000000       0x33 build/obj/chsem.o
 .debug_frame   0x0000000000000000      0x138 build/obj/chsem.o
 .text          0x0000000000000000        0x0 build/obj/chmtx.o
 .data          0x0000000000000000        0x0 build/obj/chmtx.o
 .bss           0x0000000000000000        0x0 build/obj/chmtx.o
 .text.chMtxLockS
                0x0000000000000000       0xc8 build/obj/chmtx.o
 .text.chMtxLock
                0x0000000000000000       0x14 build/obj/chmtx.o
 .text.chMtxTryLock
                0x0000000000000000       0x34 build/obj/chmtx.o
 .text.chMtxTryLockS
                0x0000000000000000       0x20 build/obj/chmtx.o
 .text.chMtxUnlock
                0x0000000000000000       0x68 build/obj/chmtx.o
 .text.chMtxUnlockS
                0x0000000000000000       0x54 build/obj/chmtx.o
 .text.chMtxUnlockAll
                0x0000000000000000       0x50 build/obj/chmtx.o
 .text          0x0000000000000000        0x0 build/obj/chcond.o
 .data          0x0000000000000000        0x0 build/obj/chcond.o
 .bss           0x0000000000000000        0x0 build/obj/chcond.o
 .text.chCondInit
                0x0000000000000000        0x8 build/obj/chcond.o
 .text.chCondSignal
                0x0000000000000000       0x24 build/obj/chcond.o
 .text.chCondSignalI
                0x0000000000000000       0x1c build/obj/chcond.o
 .text.chCondBroadcastI
                0x0000000000000000       0x24 build/obj/chcond.o
 .text.chCondBroadcast
                0x0000000000000000       0x18 build/obj/chcond.o
 .text.chCondWaitS
                0x0000000000000000       0x44 build/obj/chcond.o
 .text.chCondWait
                0x0000000000000000       0x14 build/obj/chcond.o
 .text.chCondWaitTimeoutS
                0x0000000000000000       0x50 build/obj/chcond.o
 .text.chCondWaitTimeout
                0x0000000000000000       0x14 build/obj/chcond.o
 .debug_info    0x0000000000000000      0x937 build/obj/chcond.o
 .debug_abbrev  0x0000000000000000      0x2de build/obj/chcond.o
 .debug_loc     0x0000000000000000      0x29e build/obj/chcond.o
 .debug_aranges
                0x0000000000000000       0x60 build/obj/chcond.o
 .debug_ranges  0x0000000000000000       0xa8 build/obj/chcond.o
 .debug_line    0x0000000000000000      0x252 build/obj/chcond.o
 .debug_str     0x0000000000000000      0x441 build/obj/chcond.o
 .comment       0x0000000000000000       0x12 build/obj/chcond.o
 .ARM.attributes
                0x0000000000000000       0x33 build/obj/chcond.o
 .debug_frame   0x0000000000000000      0x114 build/obj/chcond.o
 .text          0x0000000000000000        0x0 build/obj/chevents.o
 .data          0x0000000000000000        0x0 build/obj/chevents.o
 .bss           0x0000000000000000        0x0 build/obj/chevents.o
 .text.chEvtRegisterMask
                0x0000000000000000       0x2c build/obj/chevents.o
 .text.chEvtUnregister
                0x0000000000000000       0x2c build/obj/chevents.o
 .text.chEvtGetAndClearEvents
                0x0000000000000000       0x28 build/obj/chevents.o
 .text.chEvtAddEvents
                0x0000000000000000       0x20 build/obj/chevents.o
 .text.chEvtGetAndClearFlags
                0x0000000000000000       0x18 build/obj/chevents.o
 .text.chEvtSignalI
                0x0000000000000000       0x30 build/obj/chevents.o
 .text.chEvtBroadcastFlagsI
                0x0000000000000000       0x24 build/obj/chevents.o
 .text.chEvtSignal
                0x0000000000000000       0x18 build/obj/chevents.o
 .text.chEvtBroadcastFlags
                0x0000000000000000       0x18 build/obj/chevents.o
 .text.chEvtGetAndClearFlagsI
                0x0000000000000000        0xc build/obj/chevents.o
 .text.chEvtDispatch
                0x0000000000000000       0x30 build/obj/chevents.o
 .text.chEvtWaitOne
                0x0000000000000000       0x3c build/obj/chevents.o
 .text.chEvtWaitAny
                0x0000000000000000       0x38 build/obj/chevents.o
 .text.chEvtWaitAll
                0x0000000000000000       0x38 build/obj/chevents.o
 .text.chEvtWaitOneTimeout
                0x0000000000000000       0x58 build/obj/chevents.o
 .text.chEvtWaitAnyTimeout
                0x0000000000000000       0x54 build/obj/chevents.o
 .text.chEvtWaitAllTimeout
                0x0000000000000000       0x54 build/obj/chevents.o
 .debug_info    0x0000000000000000      0xd3d build/obj/chevents.o
 .debug_abbrev  0x0000000000000000      0x2f8 build/obj/chevents.o
 .debug_loc     0x0000000000000000      0x4b8 build/obj/chevents.o
 .debug_aranges
                0x0000000000000000       0xa0 build/obj/chevents.o
 .debug_ranges  0x0000000000000000      0x138 build/obj/chevents.o
 .debug_line    0x0000000000000000      0x2eb build/obj/chevents.o
 .debug_str     0x0000000000000000      0x518 build/obj/chevents.o
 .comment       0x0000000000000000       0x12 build/obj/chevents.o
 .ARM.attributes
                0x0000000000000000       0x33 build/obj/chevents.o
 .debug_frame   0x0000000000000000      0x1e0 build/obj/chevents.o
 .text          0x0000000000000000        0x0 build/obj/chmsg.o
 .data          0x0000000000000000        0x0 build/obj/chmsg.o
 .bss           0x0000000000000000        0x0 build/obj/chmsg.o
 .text.chMsgSend
                0x0000000000000000       0x40 build/obj/chmsg.o
 .text.chMsgWait
                0x0000000000000000       0x40 build/obj/chmsg.o
 .text.chMsgRelease
                0x0000000000000000       0x14 build/obj/chmsg.o
 .debug_info    0x0000000000000000      0x62d build/obj/chmsg.o
 .debug_abbrev  0x0000000000000000      0x220 build/obj/chmsg.o
 .debug_loc     0x0000000000000000      0x125 build/obj/chmsg.o
 .debug_aranges
                0x0000000000000000       0x30 build/obj/chmsg.o
 .debug_ranges  0x0000000000000000       0x68 build/obj/chmsg.o
 .debug_line    0x0000000000000000      0x179 build/obj/chmsg.o
 .debug_str     0x0000000000000000      0x38c build/obj/chmsg.o
 .comment       0x0000000000000000       0x12 build/obj/chmsg.o
 .ARM.attributes
                0x0000000000000000       0x33 build/obj/chmsg.o
 .debug_frame   0x0000000000000000       0x68 build/obj/chmsg.o
 .text          0x0000000000000000        0x0 build/obj/chmboxes.o
 .data          0x0000000000000000        0x0 build/obj/chmboxes.o
 .bss           0x0000000000000000        0x0 build/obj/chmboxes.o
 .text.chMBInit
                0x0000000000000000       0x28 build/obj/chmboxes.o
 .text.chMBReset
                0x0000000000000000       0x34 build/obj/chmboxes.o
 .text.chMBPostS
                0x0000000000000000       0x38 build/obj/chmboxes.o
 .text.chMBPost
                0x0000000000000000       0x14 build/obj/chmboxes.o
 .text.chMBPostI
                0x0000000000000000       0x34 build/obj/chmboxes.o
 .text.chMBPostAheadS
                0x0000000000000000       0x38 build/obj/chmboxes.o
 .text.chMBPostAhead
                0x0000000000000000       0x14 build/obj/chmboxes.o
 .text.chMBPostAheadI
                0x0000000000000000       0x38 build/obj/chmboxes.o
 .text.chMBFetchS
                0x0000000000000000       0x38 build/obj/chmboxes.o
 .text.chMBFetch
                0x0000000000000000       0x14 build/obj/chmboxes.o
 .text.chMBFetchI
                0x0000000000000000       0x38 build/obj/chmboxes.o
 .debug_info    0x0000000000000000      0xa10 build/obj/chmboxes.o
 .debug_abbrev  0x0000000000000000      0x251 build/obj/chmboxes.o
 .debug_loc     0x0000000000000000      0x497 build/obj/chmboxes.o
 .debug_aranges
                0x0000000000000000       0x70 build/obj/chmboxes.o
 .debug_ranges  0x0000000000000000       0x78 build/obj/chmboxes.o
 .debug_line    0x0000000000000000      0x248 build/obj/chmboxes.o
 .debug_str     0x0000000000000000      0x41b build/obj/chmboxes.o
 .comment       0x0000000000000000       0x12 build/obj/chmboxes.o
 .ARM.attributes
                0x0000000000000000       0x33 build/obj/chmboxes.o
 .debug_frame   0x0000000000000000      0x154 build/obj/chmboxes.o
 .text          0x0000000000000000        0x0 build/obj/chqueues.o
 .data          0x0000000000000000        0x0 build/obj/chqueues.o
 .bss           0x0000000000000000        0x0 build/obj/chqueues.o
 .text.qwait    0x0000000000000000       0x30 build/obj/chqueues.o
 .text.chIQInit
                0x0000000000000000       0x20 build/obj/chqueues.o
 .text.chIQResetI
                0x0000000000000000       0x2c build/obj/chqueues.o
 .text.chIQPutI
                0x0000000000000000       0x50 build/obj/chqueues.o
 .text.chIQGetTimeout
                0x0000000000000000       0x50 build/obj/chqueues.o
 .text.chIQReadTimeout
                0x0000000000000000       0x78 build/obj/chqueues.o
 .text.chOQInit
                0x0000000000000000       0x1c build/obj/chqueues.o
 .text.chOQResetI
                0x0000000000000000       0x30 build/obj/chqueues.o
 .text.chOQPutTimeout
                0x0000000000000000       0x54 build/obj/chqueues.o
 .text.chOQGetI
                0x0000000000000000       0x48 build/obj/chqueues.o
 .text.chOQWriteTimeout
                0x0000000000000000       0x78 build/obj/chqueues.o
 .debug_info    0x0000000000000000      0xb8b build/obj/chqueues.o
 .debug_abbrev  0x0000000000000000      0x31d build/obj/chqueues.o
 .debug_loc     0x0000000000000000      0x6b0 build/obj/chqueues.o
 .debug_aranges
                0x0000000000000000       0x70 build/obj/chqueues.o
 .debug_ranges  0x0000000000000000       0xb8 build/obj/chqueues.o
 .debug_line    0x0000000000000000      0x35d build/obj/chqueues.o
 .debug_str     0x0000000000000000      0x47f build/obj/chqueues.o
 .comment       0x0000000000000000       0x12 build/obj/chqueues.o
 .ARM.attributes
                0x0000000000000000       0x33 build/obj/chqueues.o
 .debug_frame   0x0000000000000000      0x180 build/obj/chqueues.o
 .text          0x0000000000000000        0x0 build/obj/chmemcore.o
 .data          0x0000000000000000        0x0 build/obj/chmemcore.o
 .bss           0x0000000000000000        0x0 build/obj/chmemcore.o
 .text.chCoreAllocI
                0x0000000000000000       0x2c build/obj/chmemcore.o
 .text.chCoreStatus
                0x0000000000000000       0x18 build/obj/chmemcore.o
 .text          0x0000000000000000        0x0 build/obj/chheap.o
 .data          0x0000000000000000        0x0 build/obj/chheap.o
 .bss           0x0000000000000000        0x0 build/obj/chheap.o
 .text.chHeapInit
                0x0000000000000000       0x14 build/obj/chheap.o
 .text.chHeapAlloc
                0x0000000000000000       0x88 build/obj/chheap.o
 .text.chHeapFree
                0x0000000000000000       0x94 build/obj/chheap.o
 .text.chHeapStatus
                0x0000000000000000       0x44 build/obj/chheap.o
 .text          0x0000000000000000        0x0 build/obj/chmempools.o
 .data          0x0000000000000000        0x0 build/obj/chmempools.o
 .bss           0x0000000000000000        0x0 build/obj/chmempools.o
 .text.chPoolInit
                0x0000000000000000        0xc build/obj/chmempools.o
 .text.chPoolLoadArray
                0x0000000000000000       0x24 build/obj/chmempools.o
 .text.chPoolAllocI
                0x0000000000000000       0x18 build/obj/chmempools.o
 .text.chPoolAlloc
                0x0000000000000000       0x2c build/obj/chmempools.o
 .text.chPoolFreeI
                0x0000000000000000        0x8 build/obj/chmempools.o
 .text.chPoolFree
                0x0000000000000000       0x14 build/obj/chmempools.o
 .debug_info    0x0000000000000000      0x3f2 build/obj/chmempools.o
 .debug_abbrev  0x0000000000000000      0x1f7 build/obj/chmempools.o
 .debug_loc     0x0000000000000000      0x185 build/obj/chmempools.o
 .debug_aranges
                0x0000000000000000       0x48 build/obj/chmempools.o
 .debug_ranges  0x0000000000000000       0xc8 build/obj/chmempools.o
 .debug_line    0x0000000000000000      0x1a7 build/obj/chmempools.o
 .debug_str     0x0000000000000000      0x25a build/obj/chmempools.o
 .comment       0x0000000000000000       0x12 build/obj/chmempools.o
 .ARM.attributes
                0x0000000000000000       0x33 build/obj/chmempools.o
 .debug_frame   0x0000000000000000       0x90 build/obj/chmempools.o
 .text          0x0000000000000000        0x0 build/obj/board.o
 .data          0x0000000000000000        0x0 build/obj/board.o
 .bss           0x0000000000000000        0x0 build/obj/board.o
 .text.boardInit
                0x0000000000000000        0x4 build/obj/board.o
 .text          0x0000000000000000        0x0 build/obj/system_LPC17xx.o
 .data          0x0000000000000000        0x0 build/obj/system_LPC17xx.o
 .bss           0x0000000000000000        0x0 build/obj/system_LPC17xx.o
 .text.SystemCoreClockUpdate
                0x0000000000000000       0xf4 build/obj/system_LPC17xx.o
 .data.SystemCoreClock
                0x0000000000000000        0x4 build/obj/system_LPC17xx.o
 .text          0x0000000000000000        0x0 build/obj/evtimer.o
 .data          0x0000000000000000        0x0 build/obj/evtimer.o
 .bss           0x0000000000000000        0x0 build/obj/evtimer.o
 .text.tmrcb    0x0000000000000000       0x2c build/obj/evtimer.o
 .text.evtStart
                0x0000000000000000       0x2c build/obj/evtimer.o
 .text.evtStop  0x0000000000000000       0x18 build/obj/evtimer.o
 .debug_info    0x0000000000000000      0x66e build/obj/evtimer.o
 .debug_abbrev  0x0000000000000000      0x192 build/obj/evtimer.o
 .debug_loc     0x0000000000000000       0x7e build/obj/evtimer.o
 .debug_aranges
                0x0000000000000000       0x30 build/obj/evtimer.o
 .debug_ranges  0x0000000000000000       0x50 build/obj/evtimer.o
 .debug_line    0x0000000000000000      0x15a build/obj/evtimer.o
 .debug_str     0x0000000000000000      0x3db build/obj/evtimer.o
 .comment       0x0000000000000000       0x12 build/obj/evtimer.o
 .ARM.attributes
                0x0000000000000000       0x33 build/obj/evtimer.o
 .debug_frame   0x0000000000000000       0x64 build/obj/evtimer.o
 .text          0x0000000000000000        0x0 build/obj/syscalls.o
 .data          0x0000000000000000        0x0 build/obj/syscalls.o
 .bss           0x0000000000000000        0x0 build/obj/syscalls.o
 .text._read_r  0x0000000000000000        0xc build/obj/syscalls.o
 .text._lseek_r
                0x0000000000000000        0x4 build/obj/syscalls.o
 .text._write_r
                0x0000000000000000        0x4 build/obj/syscalls.o
 .text._close_r
                0x0000000000000000        0x4 build/obj/syscalls.o
 .text._sbrk_r  0x0000000000000000       0x18 build/obj/syscalls.o
 .text._fstat_r
                0x0000000000000000       0x18 build/obj/syscalls.o
 .text._isatty_r
                0x0000000000000000        0x4 build/obj/syscalls.o
 .debug_info    0x0000000000000000      0xc1b build/obj/syscalls.o
 .debug_abbrev  0x0000000000000000      0x208 build/obj/syscalls.o
 .debug_loc     0x0000000000000000      0x183 build/obj/syscalls.o
 .debug_aranges
                0x0000000000000000       0x50 build/obj/syscalls.o
 .debug_ranges  0x0000000000000000       0x40 build/obj/syscalls.o
 .debug_line    0x0000000000000000      0x1a5 build/obj/syscalls.o
 .debug_str     0x0000000000000000      0x696 build/obj/syscalls.o
 .comment       0x0000000000000000       0x12 build/obj/syscalls.o
 .ARM.attributes
                0x0000000000000000       0x33 build/obj/syscalls.o
 .debug_frame   0x0000000000000000       0x98 build/obj/syscalls.o
 .text          0x0000000000000000        0x0 build/obj/main.o
 .data          0x0000000000000000        0x0 build/obj/main.o
 .bss           0x0000000000000000        0x0 build/obj/main.o
 .text          0x0000000000000000       0x2c /home/daniofb/arm-cm3-eabi/lib/gcc/arm-cm3-eabi/4.8.1/libgcc.a(_aeabi_uldivmod.o)
 .data          0x0000000000000000        0x0 /home/daniofb/arm-cm3-eabi/lib/gcc/arm-cm3-eabi/4.8.1/libgcc.a(_aeabi_uldivmod.o)
 .bss           0x0000000000000000        0x0 /home/daniofb/arm-cm3-eabi/lib/gcc/arm-cm3-eabi/4.8.1/libgcc.a(_aeabi_uldivmod.o)
 .ARM.attributes
                0x0000000000000000       0x23 /home/daniofb/arm-cm3-eabi/lib/gcc/arm-cm3-eabi/4.8.1/libgcc.a(_aeabi_uldivmod.o)
 .debug_line    0x0000000000000000       0x6c /home/daniofb/arm-cm3-eabi/lib/gcc/arm-cm3-eabi/4.8.1/libgcc.a(_aeabi_uldivmod.o)
 .debug_info    0x0000000000000000       0x8c /home/daniofb/arm-cm3-eabi/lib/gcc/arm-cm3-eabi/4.8.1/libgcc.a(_aeabi_uldivmod.o)
 .debug_abbrev  0x0000000000000000       0x14 /home/daniofb/arm-cm3-eabi/lib/gcc/arm-cm3-eabi/4.8.1/libgcc.a(_aeabi_uldivmod.o)
 .debug_aranges
                0x0000000000000000       0x20 /home/daniofb/arm-cm3-eabi/lib/gcc/arm-cm3-eabi/4.8.1/libgcc.a(_aeabi_uldivmod.o)
 .text          0x0000000000000000       0x52 /home/daniofb/arm-cm3-eabi/lib/gcc/arm-cm3-eabi/4.8.1/libgcc.a(bpabi.o)
 .data          0x0000000000000000        0x0 /home/daniofb/arm-cm3-eabi/lib/gcc/arm-cm3-eabi/4.8.1/libgcc.a(bpabi.o)
 .bss           0x0000000000000000        0x0 /home/daniofb/arm-cm3-eabi/lib/gcc/arm-cm3-eabi/4.8.1/libgcc.a(bpabi.o)
 .debug_info    0x0000000000000000      0x164 /home/daniofb/arm-cm3-eabi/lib/gcc/arm-cm3-eabi/4.8.1/libgcc.a(bpabi.o)
 .debug_abbrev  0x0000000000000000       0xb7 /home/daniofb/arm-cm3-eabi/lib/gcc/arm-cm3-eabi/4.8.1/libgcc.a(bpabi.o)
 .debug_loc     0x0000000000000000       0xa0 /home/daniofb/arm-cm3-eabi/lib/gcc/arm-cm3-eabi/4.8.1/libgcc.a(bpabi.o)
 .debug_aranges
                0x0000000000000000       0x20 /home/daniofb/arm-cm3-eabi/lib/gcc/arm-cm3-eabi/4.8.1/libgcc.a(bpabi.o)
 .debug_line    0x0000000000000000       0x6c /home/daniofb/arm-cm3-eabi/lib/gcc/arm-cm3-eabi/4.8.1/libgcc.a(bpabi.o)
 .debug_str     0x0000000000000000      0x16b /home/daniofb/arm-cm3-eabi/lib/gcc/arm-cm3-eabi/4.8.1/libgcc.a(bpabi.o)
 .comment       0x0000000000000000       0x12 /home/daniofb/arm-cm3-eabi/lib/gcc/arm-cm3-eabi/4.8.1/libgcc.a(bpabi.o)
 .ARM.attributes
                0x0000000000000000       0x33 /home/daniofb/arm-cm3-eabi/lib/gcc/arm-cm3-eabi/4.8.1/libgcc.a(bpabi.o)
 .debug_frame   0x0000000000000000       0x50 /home/daniofb/arm-cm3-eabi/lib/gcc/arm-cm3-eabi/4.8.1/libgcc.a(bpabi.o)
 .text          0x0000000000000000        0x4 /home/daniofb/arm-cm3-eabi/lib/gcc/arm-cm3-eabi/4.8.1/libgcc.a(_dvmd_tls.o)
 .data          0x0000000000000000        0x0 /home/daniofb/arm-cm3-eabi/lib/gcc/arm-cm3-eabi/4.8.1/libgcc.a(_dvmd_tls.o)
 .bss           0x0000000000000000        0x0 /home/daniofb/arm-cm3-eabi/lib/gcc/arm-cm3-eabi/4.8.1/libgcc.a(_dvmd_tls.o)
 .ARM.attributes
                0x0000000000000000       0x23 /home/daniofb/arm-cm3-eabi/lib/gcc/arm-cm3-eabi/4.8.1/libgcc.a(_dvmd_tls.o)
 .debug_line    0x0000000000000000       0x68 /home/daniofb/arm-cm3-eabi/lib/gcc/arm-cm3-eabi/4.8.1/libgcc.a(_dvmd_tls.o)
 .debug_info    0x0000000000000000       0x90 /home/daniofb/arm-cm3-eabi/lib/gcc/arm-cm3-eabi/4.8.1/libgcc.a(_dvmd_tls.o)
 .debug_abbrev  0x0000000000000000       0x14 /home/daniofb/arm-cm3-eabi/lib/gcc/arm-cm3-eabi/4.8.1/libgcc.a(_dvmd_tls.o)
 .debug_aranges
                0x0000000000000000       0x20 /home/daniofb/arm-cm3-eabi/lib/gcc/arm-cm3-eabi/4.8.1/libgcc.a(_dvmd_tls.o)
 .text          0x0000000000000000      0x29c /home/daniofb/arm-cm3-eabi/lib/gcc/arm-cm3-eabi/4.8.1/libgcc.a(_divdi3.o)
 .data          0x0000000000000000        0x0 /home/daniofb/arm-cm3-eabi/lib/gcc/arm-cm3-eabi/4.8.1/libgcc.a(_divdi3.o)
 .bss           0x0000000000000000        0x0 /home/daniofb/arm-cm3-eabi/lib/gcc/arm-cm3-eabi/4.8.1/libgcc.a(_divdi3.o)
 .ARM.extab     0x0000000000000000        0x0 /home/daniofb/arm-cm3-eabi/lib/gcc/arm-cm3-eabi/4.8.1/libgcc.a(_divdi3.o)
 .ARM.exidx     0x0000000000000000        0x8 /home/daniofb/arm-cm3-eabi/lib/gcc/arm-cm3-eabi/4.8.1/libgcc.a(_divdi3.o)
 .debug_info    0x0000000000000000      0x5c5 /home/daniofb/arm-cm3-eabi/lib/gcc/arm-cm3-eabi/4.8.1/libgcc.a(_divdi3.o)
 .debug_abbrev  0x0000000000000000      0x17d /home/daniofb/arm-cm3-eabi/lib/gcc/arm-cm3-eabi/4.8.1/libgcc.a(_divdi3.o)
 .debug_loc     0x0000000000000000      0xb48 /home/daniofb/arm-cm3-eabi/lib/gcc/arm-cm3-eabi/4.8.1/libgcc.a(_divdi3.o)
 .debug_aranges
                0x0000000000000000       0x20 /home/daniofb/arm-cm3-eabi/lib/gcc/arm-cm3-eabi/4.8.1/libgcc.a(_divdi3.o)
 .debug_ranges  0x0000000000000000       0x50 /home/daniofb/arm-cm3-eabi/lib/gcc/arm-cm3-eabi/4.8.1/libgcc.a(_divdi3.o)
 .debug_line    0x0000000000000000       0xd3 /home/daniofb/arm-cm3-eabi/lib/gcc/arm-cm3-eabi/4.8.1/libgcc.a(_divdi3.o)
 .debug_str     0x0000000000000000      0x219 /home/daniofb/arm-cm3-eabi/lib/gcc/arm-cm3-eabi/4.8.1/libgcc.a(_divdi3.o)
 .comment       0x0000000000000000       0x12 /home/daniofb/arm-cm3-eabi/lib/gcc/arm-cm3-eabi/4.8.1/libgcc.a(_divdi3.o)
 .ARM.attributes
                0x0000000000000000       0x33 /home/daniofb/arm-cm3-eabi/lib/gcc/arm-cm3-eabi/4.8.1/libgcc.a(_divdi3.o)
 .debug_frame   0x0000000000000000       0x38 /home/daniofb/arm-cm3-eabi/lib/gcc/arm-cm3-eabi/4.8.1/libgcc.a(_divdi3.o)
 .text          0x0000000000000000      0x248 /home/daniofb/arm-cm3-eabi/lib/gcc/arm-cm3-eabi/4.8.1/libgcc.a(_udivdi3.o)
 .data          0x0000000000000000        0x0 /home/daniofb/arm-cm3-eabi/lib/gcc/arm-cm3-eabi/4.8.1/libgcc.a(_udivdi3.o)
 .bss           0x0000000000000000        0x0 /home/daniofb/arm-cm3-eabi/lib/gcc/arm-cm3-eabi/4.8.1/libgcc.a(_udivdi3.o)
 .ARM.extab     0x0000000000000000        0x0 /home/daniofb/arm-cm3-eabi/lib/gcc/arm-cm3-eabi/4.8.1/libgcc.a(_udivdi3.o)
 .ARM.exidx     0x0000000000000000        0x8 /home/daniofb/arm-cm3-eabi/lib/gcc/arm-cm3-eabi/4.8.1/libgcc.a(_udivdi3.o)
 .debug_info    0x0000000000000000      0x588 /home/daniofb/arm-cm3-eabi/lib/gcc/arm-cm3-eabi/4.8.1/libgcc.a(_udivdi3.o)
 .debug_abbrev  0x0000000000000000      0x15f /home/daniofb/arm-cm3-eabi/lib/gcc/arm-cm3-eabi/4.8.1/libgcc.a(_udivdi3.o)
 .debug_loc     0x0000000000000000      0x9e3 /home/daniofb/arm-cm3-eabi/lib/gcc/arm-cm3-eabi/4.8.1/libgcc.a(_udivdi3.o)
 .debug_aranges
                0x0000000000000000       0x20 /home/daniofb/arm-cm3-eabi/lib/gcc/arm-cm3-eabi/4.8.1/libgcc.a(_udivdi3.o)
 .debug_ranges  0x0000000000000000       0x58 /home/daniofb/arm-cm3-eabi/lib/gcc/arm-cm3-eabi/4.8.1/libgcc.a(_udivdi3.o)
 .debug_line    0x0000000000000000       0xc1 /home/daniofb/arm-cm3-eabi/lib/gcc/arm-cm3-eabi/4.8.1/libgcc.a(_udivdi3.o)
 .debug_str     0x0000000000000000      0x21a /home/daniofb/arm-cm3-eabi/lib/gcc/arm-cm3-eabi/4.8.1/libgcc.a(_udivdi3.o)
 .comment       0x0000000000000000       0x12 /home/daniofb/arm-cm3-eabi/lib/gcc/arm-cm3-eabi/4.8.1/libgcc.a(_udivdi3.o)
 .ARM.attributes
                0x0000000000000000       0x33 /home/daniofb/arm-cm3-eabi/lib/gcc/arm-cm3-eabi/4.8.1/libgcc.a(_udivdi3.o)
 .debug_frame   0x0000000000000000       0x34 /home/daniofb/arm-cm3-eabi/lib/gcc/arm-cm3-eabi/4.8.1/libgcc.a(_udivdi3.o)
 .text          0x0000000000000000       0x10 /home/daniofb/arm-cm3-eabi/lib/gcc/arm-cm3-eabi/4.8.1/../../../../arm-cm3-eabi/lib/libc.a(lib_a-memset.o)
 .data          0x0000000000000000        0x0 /home/daniofb/arm-cm3-eabi/lib/gcc/arm-cm3-eabi/4.8.1/../../../../arm-cm3-eabi/lib/libc.a(lib_a-memset.o)
 .bss           0x0000000000000000        0x0 /home/daniofb/arm-cm3-eabi/lib/gcc/arm-cm3-eabi/4.8.1/../../../../arm-cm3-eabi/lib/libc.a(lib_a-memset.o)
 .comment       0x0000000000000000       0x12 /home/daniofb/arm-cm3-eabi/lib/gcc/arm-cm3-eabi/4.8.1/../../../../arm-cm3-eabi/lib/libc.a(lib_a-memset.o)
 .ARM.attributes
                0x0000000000000000       0x33 /home/daniofb/arm-cm3-eabi/lib/gcc/arm-cm3-eabi/4.8.1/../../../../arm-cm3-eabi/lib/libc.a(lib_a-memset.o)

Memory Configuration

Name             Origin             Length             Attributes
flash            0x0000000000000000 0x0000000000080000
ram              0x0000000010000000 0x0000000000008000
ram0             0x000000002007c000 0x0000000000004000
ram1             0x0000000020080000 0x0000000000004000
*default*        0x0000000000000000 0xffffffffffffffff

Linker script and memory map

LOAD build/obj/crt0.o
LOAD build/obj/vectors.o
LOAD build/obj/chcore.o
LOAD build/obj/chcore_v7m.o
LOAD build/obj/nvic.o
LOAD build/obj/chsys.o
LOAD build/obj/chdebug.o
LOAD build/obj/chlists.o
LOAD build/obj/chvt.o
LOAD build/obj/chschd.o
LOAD build/obj/chthreads.o
LOAD build/obj/chdynamic.o
LOAD build/obj/chregistry.o
LOAD build/obj/chsem.o
LOAD build/obj/chmtx.o
LOAD build/obj/chcond.o
LOAD build/obj/chevents.o
LOAD build/obj/chmsg.o
LOAD build/obj/chmboxes.o
LOAD build/obj/chqueues.o
LOAD build/obj/chmemcore.o
LOAD build/obj/chheap.o
LOAD build/obj/chmempools.o
LOAD build/obj/board.o
LOAD build/obj/system_LPC17xx.o
LOAD build/obj/evtimer.o
LOAD build/obj/syscalls.o
LOAD build/obj/main.o
START GROUP
LOAD /home/daniofb/arm-cm3-eabi/lib/gcc/arm-cm3-eabi/4.8.1/libgcc.a
LOAD /home/daniofb/arm-cm3-eabi/lib/gcc/arm-cm3-eabi/4.8.1/../../../../arm-cm3-eabi/lib/libc.a
END GROUP
                0x0000000000000200                __main_stack_size__ = 0x200
                0x0000000000000200                __process_stack_size__ = 0x200
                0x0000000010000000                __ram_start__ = ORIGIN (ram)
                0x0000000000008000                __ram_size__ = 0x8000
                0x0000000010008000                __ram_end__ = (__ram_start__ + __ram_size__)
                0x0000000000000000                . = 0x0
                0x0000000000000000                _text = .

startup         0x0000000000000000       0xcc
 *(vectors)
 vectors        0x0000000000000000       0xcc build/obj/vectors.o
                0x0000000000000000                _vectors

constructors    0x00000000000000cc        0x0
                0x00000000000000cc                PROVIDE (__init_array_start, .)
 *(SORT(.init_array.*))
 *(.init_array)
                0x00000000000000cc                PROVIDE (__init_array_end, .)

destructors     0x00000000000000cc        0x0
                0x00000000000000cc                PROVIDE (__fini_array_start, .)
 *(.fini_array)
 *(SORT(.fini_array.*))
                0x00000000000000cc                PROVIDE (__fini_array_end, .)

.text           0x00000000000000d0      0xaa8
 *(.text.startup.*)
 .text.startup.main
                0x00000000000000d0       0x6c build/obj/main.o
                0x00000000000000d0                main
 *(.text)
 *(.text.*)
 *fill*         0x000000000000013c        0x4 
 .text.__late_init
                0x0000000000000140        0x4 build/obj/crt0.o
                0x0000000000000140                __late_init
 *fill*         0x0000000000000144        0xc 
 .text._default_exit
                0x0000000000000150        0x4 build/obj/crt0.o
                0x0000000000000150                _default_exit
 *fill*         0x0000000000000154        0xc 
 .text.ResetHandler
                0x0000000000000160      0x134 build/obj/crt0.o
                0x0000000000000160                ResetHandler
 *fill*         0x0000000000000294        0xc 
 .text._unhandled_exception
                0x00000000000002a0        0x4 build/obj/vectors.o
                0x00000000000002a0                Vector58
                0x00000000000002a0                Vector9C
                0x00000000000002a0                VectorAC
                0x00000000000002a0                Vector5C
                0x00000000000002a0                NMIVector
                0x00000000000002a0                Vector8C
                0x00000000000002a0                VectorC8
                0x00000000000002a0                Vector94
                0x00000000000002a0                VectorA8
                0x00000000000002a0                VectorB4
                0x00000000000002a0                Vector74
                0x00000000000002a0                UsageFaultVector
                0x00000000000002a0                DebugMonitorVector
                0x00000000000002a0                Vector40
                0x00000000000002a0                VectorBC
                0x00000000000002a0                PendSVVector
                0x00000000000002a0                Vector64
                0x00000000000002a0                Vector54
                0x00000000000002a0                Vector98
                0x00000000000002a0                Vector24
                0x00000000000002a0                Vector84
                0x00000000000002a0                BusFaultVector
                0x00000000000002a0                VectorC0
                0x00000000000002a0                HardFaultVector
                0x00000000000002a0                MemManageVector
                0x00000000000002a0                Vector6C
                0x00000000000002a0                VectorA0
                0x00000000000002a0                VectorC4
                0x00000000000002a0                Vector7C
                0x00000000000002a0                VectorB0
                0x00000000000002a0                Vector90
                0x00000000000002a0                Vector60
                0x00000000000002a0                Vector1C
                0x00000000000002a0                Vector48
                0x00000000000002a0                Vector70
                0x00000000000002a0                Vector4C
                0x00000000000002a0                Vector80
                0x00000000000002a0                Vector68
                0x00000000000002a0                Vector78
                0x00000000000002a0                _unhandled_exception
                0x00000000000002a0                Vector88
                0x00000000000002a0                Vector50
                0x00000000000002a0                Vector44
                0x00000000000002a0                Vector28
                0x00000000000002a0                VectorB8
                0x00000000000002a0                Vector34
                0x00000000000002a0                VectorA4
                0x00000000000002a0                Vector20
 *fill*         0x00000000000002a4        0xc 
 .text._port_switch_from_isr
                0x00000000000002b0        0x8 build/obj/chcore_v7m.o
                0x00000000000002b0                _port_switch_from_isr
 *fill*         0x00000000000002b8        0x8 
 .text.SVCallVector
                0x00000000000002c0       0x14 build/obj/chcore_v7m.o
                0x00000000000002c0                SVCallVector
 *fill*         0x00000000000002d4        0xc 
 .text._port_init
                0x00000000000002e0       0x38 build/obj/chcore_v7m.o
                0x00000000000002e0                _port_init
 *fill*         0x0000000000000318        0x8 
 .text._port_irq_epilogue
                0x0000000000000320       0x5c build/obj/chcore_v7m.o
                0x0000000000000320                _port_irq_epilogue
 *fill*         0x000000000000037c        0x4 
 .text.SysTickVector
                0x0000000000000380       0x1c build/obj/chcore_v7m.o
                0x0000000000000380                SysTickVector
 *fill*         0x000000000000039c        0x4 
 .text._port_switch
                0x00000000000003a0       0x10 build/obj/chcore_v7m.o
                0x00000000000003a0                _port_switch
 .text._port_thread_start
                0x00000000000003b0       0x10 build/obj/chcore_v7m.o
                0x00000000000003b0                _port_thread_start
 .text.nvicSetSystemHandlerPriority
                0x00000000000003c0       0x24 build/obj/nvic.o
                0x00000000000003c0                nvicSetSystemHandlerPriority
 *fill*         0x00000000000003e4        0xc 
 .text._idle_thread
                0x00000000000003f0       0x18 build/obj/chsys.o
                0x00000000000003f0                _idle_thread
 *fill*         0x0000000000000408        0x8 
 .text.chSysInit
                0x0000000000000410       0x70 build/obj/chsys.o
                0x0000000000000410                chSysInit
 .text.chSysTimerHandlerI
                0x0000000000000480       0x5c build/obj/chsys.o
                0x0000000000000480                chSysTimerHandlerI
 *fill*         0x00000000000004dc        0x4 
 .text._vt_init
                0x00000000000004e0       0x18 build/obj/chvt.o
                0x00000000000004e0                _vt_init
 *fill*         0x00000000000004f8        0x8 
 .text.chVTSetI
                0x0000000000000500       0x3c build/obj/chvt.o
                0x0000000000000500                chVTSetI
 *fill*         0x000000000000053c        0x4 
 .text.chVTResetI
                0x0000000000000540       0x24 build/obj/chvt.o
                0x0000000000000540                chVTResetI
 *fill*         0x0000000000000564        0xc 
 .text.wakeup   0x0000000000000570       0x70 build/obj/chschd.o
 .text._scheduler_init
                0x00000000000005e0       0x18 build/obj/chschd.o
                0x00000000000005e0                _scheduler_init
 *fill*         0x00000000000005f8        0x8 
 .text.chSchReadyI
                0x0000000000000600       0x2c build/obj/chschd.o
                0x0000000000000600                chSchReadyI
 *fill*         0x000000000000062c        0x4 
 .text.chSchGoSleepS
                0x0000000000000630       0x24 build/obj/chschd.o
                0x0000000000000630                chSchGoSleepS
 *fill*         0x0000000000000654        0xc 
 .text.chSchGoSleepTimeoutS
                0x0000000000000660       0x50 build/obj/chschd.o
                0x0000000000000660                chSchGoSleepTimeoutS
 .text.chSchWakeupS
                0x00000000000006b0       0x6c build/obj/chschd.o
                0x00000000000006b0                chSchWakeupS
 *fill*         0x000000000000071c        0x4 
 .text.chSchDoRescheduleAhead
                0x0000000000000720       0x40 build/obj/chschd.o
                0x0000000000000720                chSchDoRescheduleAhead
 .text.chSchDoReschedule
                0x0000000000000760        0x4 build/obj/chschd.o
                0x0000000000000760                chSchDoReschedule
 *fill*         0x0000000000000764        0xc 
 .text._thread_init
                0x0000000000000770       0x4c build/obj/chthreads.o
                0x0000000000000770                _thread_init
 *fill*         0x00000000000007bc        0x4 
 .text.chThdCreateStatic
                0x00000000000007c0       0x88 build/obj/chthreads.o
                0x00000000000007c0                chThdCreateStatic
 *fill*         0x0000000000000848        0x8 
 .text.chThdSleep
                0x0000000000000850       0x18 build/obj/chthreads.o
                0x0000000000000850                chThdSleep
 *fill*         0x0000000000000868        0x8 
 .text.chThdExitS
                0x0000000000000870       0x44 build/obj/chthreads.o
                0x0000000000000870                chThdExitS
 *fill*         0x00000000000008b4        0xc 
 .text.chThdExit
                0x00000000000008c0        0xc build/obj/chthreads.o
                0x00000000000008c0                chThdExit
 *fill*         0x00000000000008cc        0x4 
 .text.chMtxInit
                0x00000000000008d0        0xc build/obj/chmtx.o
                0x00000000000008d0                chMtxInit
 *fill*         0x00000000000008dc        0x4 
 .text._core_init
                0x00000000000008e0       0x2c build/obj/chmemcore.o
                0x00000000000008e0                _core_init
 *fill*         0x000000000000090c        0x4 
 .text.chCoreAlloc
                0x0000000000000910       0x38 build/obj/chmemcore.o
                0x0000000000000910                chCoreAlloc
 *fill*         0x0000000000000948        0x8 
 .text._heap_init
                0x0000000000000950       0x20 build/obj/chheap.o
                0x0000000000000950                _heap_init
 .text.__early_init
                0x0000000000000970       0x30 build/obj/board.o
                0x0000000000000970                __early_init
 .text.SystemInit
                0x00000000000009a0      0x120 build/obj/system_LPC17xx.o
                0x00000000000009a0                SystemInit
 .text.Thread2  0x0000000000000ac0       0x20 build/obj/main.o
 .text.Thread1  0x0000000000000ae0       0x50 build/obj/main.o
 *(.rodata)
 *(.rodata.*)
 .rodata.str1.4
                0x0000000000000b30        0x5 build/obj/chsys.o
                                          0x8 (size before relaxing)
 *fill*         0x0000000000000b35        0xb 
 .rodata.ch_debug
                0x0000000000000b40       0x18 build/obj/chregistry.o
                0x0000000000000b40                ch_debug
 *fill*         0x0000000000000b58        0x8 
 .rodata.str1.4
                0x0000000000000b60       0x18 build/obj/main.o
 *(.glue_7t)
 .glue_7t       0x0000000000000000        0x0 linker stubs
 *(.glue_7)
 .glue_7        0x0000000000000000        0x0 linker stubs
 *(.gcc*)

.vfp11_veneer   0x0000000000000b78        0x0
 .vfp11_veneer  0x0000000000000000        0x0 linker stubs

.v4_bx          0x0000000000000b78        0x0
 .v4_bx         0x0000000000000000        0x0 linker stubs

.iplt           0x0000000000000b78        0x0
 .iplt          0x0000000000000000        0x0 build/obj/crt0.o

.rel.dyn        0x0000000000000b78        0x0
 .rel.iplt      0x0000000000000000        0x0 build/obj/crt0.o

.ARM.extab
 *(.ARM.extab* .gnu.linkonce.armextab.*)

.ARM.exidx      0x0000000000000b78        0x0
                0x0000000000000b78                PROVIDE (__exidx_start, .)
 *(.ARM.exidx* .gnu.linkonce.armexidx.*)
                0x0000000000000b78                PROVIDE (__exidx_end, .)

.eh_frame_hdr
 *(.eh_frame_hdr)

.eh_frame
 *(.eh_frame)

.textalign      0x0000000000000b78        0x0
                0x0000000000000b78                . = ALIGN (0x8)
                0x0000000000000b78                _etext = .
                0x0000000000000b78                _textdata = _etext

.stacks         0x0000000010000000      0x400
                0x0000000010000000                . = ALIGN (0x8)
                0x0000000010000000                __main_stack_base__ = .
                0x0000000010000200                . = (. + __main_stack_size__)
 *fill*         0x0000000010000000      0x200 
                0x0000000010000200                . = ALIGN (0x8)
                0x0000000010000200                __main_stack_end__ = .
                0x0000000010000200                __process_stack_base__ = .
                0x0000000010000200                __main_thread_stack_base__ = .
                0x0000000010000400                . = (. + __process_stack_size__)
 *fill*         0x0000000010000200      0x200 
                0x0000000010000400                . = ALIGN (0x8)
                0x0000000010000400                __process_stack_end__ = .
                0x0000000010000400                __main_thread_stack_end__ = .

.data           0x0000000010000400        0x0 load address 0x0000000000000b78
                0x0000000010000400                . = ALIGN (0x4)
                0x0000000010000400                PROVIDE (_data, .)
 *(.data)
                0x0000000010000400                . = ALIGN (0x4)
 *(.data.*)
                0x0000000010000400                . = ALIGN (0x4)
 *(.ramtext)
                0x0000000010000400                . = ALIGN (0x4)
                0x0000000010000400                PROVIDE (_edata, .)

.igot.plt       0x0000000010000400        0x0 load address 0x0000000000000b78
 .igot.plt      0x0000000000000000        0x0 build/obj/crt0.o

.bss            0x0000000010000400      0x3c4 load address 0x0000000000000b78
                0x0000000010000400                . = ALIGN (0x4)
                0x0000000010000400                PROVIDE (_bss_start, .)
 *(.bss)
                0x0000000010000400                . = ALIGN (0x4)
 *(.bss.*)
 .bss.mainthread.4776
                0x0000000010000400       0x48 build/obj/chsys.o
 .bss._idle_thread_wa
                0x0000000010000448       0xc0 build/obj/chsys.o
                0x0000000010000448                _idle_thread_wa
 .bss.vtlist    0x0000000010000508       0x10 build/obj/chvt.o
                0x0000000010000508                vtlist
 .bss.rlist     0x0000000010000518       0x1c build/obj/chschd.o
                0x0000000010000518                rlist
 .bss.endmem    0x0000000010000534        0x4 build/obj/chmemcore.o
 .bss.nextmem   0x0000000010000538        0x4 build/obj/chmemcore.o
 *fill*         0x000000001000053c        0x4 
 .bss.default_heap
                0x0000000010000540       0x20 build/obj/chheap.o
 .bss.waThread1
                0x0000000010000560      0x130 build/obj/main.o
 .bss.waThread2
                0x0000000010000690      0x130 build/obj/main.o
 .bss.i.5941    0x00000000100007c0        0x4 build/obj/main.o
                0x00000000100007c4                . = ALIGN (0x4)
 *(COMMON)
                0x00000000100007c4                . = ALIGN (0x4)
                0x00000000100007c4                PROVIDE (_bss_end, .)
                0x00000000100007c4                PROVIDE (end, .)
                0x00000000100007c4                _end = .
                0x00000000100007c4                __heap_base__ = _end
                0x0000000010008000                __heap_end__ = __ram_end__
OUTPUT(build/ch.elf elf32-littlearm)

.debug_info     0x0000000000000000     0x5846
 .debug_info    0x0000000000000000      0x2a8 build/obj/crt0.o
 .debug_info    0x00000000000002a8      0x1c1 build/obj/vectors.o
 .debug_info    0x0000000000000469      0x7c0 build/obj/chcore_v7m.o
 .debug_info    0x0000000000000c29      0x3fb build/obj/nvic.o
 .debug_info    0x0000000000001024      0x7d9 build/obj/chsys.o
 .debug_info    0x00000000000017fd      0x246 build/obj/chvt.o
 .debug_info    0x0000000000001a43      0x933 build/obj/chschd.o
 .debug_info    0x0000000000002376      0xba9 build/obj/chthreads.o
 .debug_info    0x0000000000002f1f      0x5e0 build/obj/chregistry.o
 .debug_info    0x00000000000034ff      0x995 build/obj/chmtx.o
 .debug_info    0x0000000000003e94      0x209 build/obj/chmemcore.o
 .debug_info    0x000000000000409d      0x6b7 build/obj/chheap.o
 .debug_info    0x0000000000004754      0x58b build/obj/board.o
 .debug_info    0x0000000000004cdf      0x2ea build/obj/system_LPC17xx.o
 .debug_info    0x0000000000004fc9      0x87d build/obj/main.o

.debug_abbrev   0x0000000000000000     0x1a08
 .debug_abbrev  0x0000000000000000       0xdc build/obj/crt0.o
 .debug_abbrev  0x00000000000000dc       0xaf build/obj/vectors.o
 .debug_abbrev  0x000000000000018b      0x1b0 build/obj/chcore_v7m.o
 .debug_abbrev  0x000000000000033b      0x10e build/obj/nvic.o
 .debug_abbrev  0x0000000000000449      0x20e build/obj/chsys.o
 .debug_abbrev  0x0000000000000657      0x142 build/obj/chvt.o
 .debug_abbrev  0x0000000000000799      0x313 build/obj/chschd.o
 .debug_abbrev  0x0000000000000aac      0x344 build/obj/chthreads.o
 .debug_abbrev  0x0000000000000df0      0x176 build/obj/chregistry.o
 .debug_abbrev  0x0000000000000f66      0x2f1 build/obj/chmtx.o
 .debug_abbrev  0x0000000000001257      0x15b build/obj/chmemcore.o
 .debug_abbrev  0x00000000000013b2      0x1e7 build/obj/chheap.o
 .debug_abbrev  0x0000000000001599      0x1a6 build/obj/board.o
 .debug_abbrev  0x000000000000173f       0xe3 build/obj/system_LPC17xx.o
 .debug_abbrev  0x0000000000001822      0x1e6 build/obj/main.o

.debug_loc      0x0000000000000000     0x119b
 .debug_loc     0x0000000000000000       0xe2 build/obj/crt0.o
 .debug_loc     0x00000000000000e2       0x4d build/obj/chcore_v7m.o
 .debug_loc     0x000000000000012f      0x169 build/obj/nvic.o
 .debug_loc     0x0000000000000298       0x31 build/obj/chsys.o
 .debug_loc     0x00000000000002c9       0xa1 build/obj/chvt.o
 .debug_loc     0x000000000000036a      0x2bf build/obj/chschd.o
 .debug_loc     0x0000000000000629      0x32c build/obj/chthreads.o
 .debug_loc     0x0000000000000955       0x21 build/obj/chregistry.o
 .debug_loc     0x0000000000000976      0x38b build/obj/chmtx.o
 .debug_loc     0x0000000000000d01       0xaa build/obj/chmemcore.o
 .debug_loc     0x0000000000000dab      0x3ae build/obj/chheap.o
 .debug_loc     0x0000000000001159       0x42 build/obj/main.o

.debug_aranges  0x0000000000000000      0x398
 .debug_aranges
                0x0000000000000000       0x38 build/obj/crt0.o
 .debug_aranges
                0x0000000000000038       0x20 build/obj/vectors.o
 .debug_aranges
                0x0000000000000058       0x50 build/obj/chcore_v7m.o
 .debug_aranges
                0x00000000000000a8       0x30 build/obj/nvic.o
 .debug_aranges
                0x00000000000000d8       0x30 build/obj/chsys.o
 .debug_aranges
                0x0000000000000108       0x38 build/obj/chvt.o
 .debug_aranges
                0x0000000000000140       0x68 build/obj/chschd.o
 .debug_aranges
                0x00000000000001a8       0x78 build/obj/chthreads.o
 .debug_aranges
                0x0000000000000220       0x28 build/obj/chregistry.o
 .debug_aranges
                0x0000000000000248       0x58 build/obj/chmtx.o
 .debug_aranges
                0x00000000000002a0       0x38 build/obj/chmemcore.o
 .debug_aranges
                0x00000000000002d8       0x40 build/obj/chheap.o
 .debug_aranges
                0x0000000000000318       0x28 build/obj/board.o
 .debug_aranges
                0x0000000000000340       0x28 build/obj/system_LPC17xx.o
 .debug_aranges
                0x0000000000000368       0x30 build/obj/main.o

.debug_ranges   0x0000000000000000      0x5f8
 .debug_ranges  0x0000000000000000       0x28 build/obj/crt0.o
 .debug_ranges  0x0000000000000028       0x10 build/obj/vectors.o
 .debug_ranges  0x0000000000000038       0x40 build/obj/chcore_v7m.o
 .debug_ranges  0x0000000000000078       0x20 build/obj/nvic.o
 .debug_ranges  0x0000000000000098       0x38 build/obj/chsys.o
 .debug_ranges  0x00000000000000d0       0x28 build/obj/chvt.o
 .debug_ranges  0x00000000000000f8      0x150 build/obj/chschd.o
 .debug_ranges  0x0000000000000248      0x148 build/obj/chthreads.o
 .debug_ranges  0x0000000000000390       0x30 build/obj/chregistry.o
 .debug_ranges  0x00000000000003c0      0x170 build/obj/chmtx.o
 .debug_ranges  0x0000000000000530       0x28 build/obj/chmemcore.o
 .debug_ranges  0x0000000000000558       0x30 build/obj/chheap.o
 .debug_ranges  0x0000000000000588       0x38 build/obj/board.o
 .debug_ranges  0x00000000000005c0       0x18 build/obj/system_LPC17xx.o
 .debug_ranges  0x00000000000005d8       0x20 build/obj/main.o

.debug_line     0x0000000000000000     0x1a66
 .debug_line    0x0000000000000000       0xf4 build/obj/crt0.o
 .debug_line    0x00000000000000f4       0x9c build/obj/vectors.o
 .debug_line    0x0000000000000190      0x1cb build/obj/chcore_v7m.o
 .debug_line    0x000000000000035b       0xd7 build/obj/nvic.o
 .debug_line    0x0000000000000432      0x1d8 build/obj/chsys.o
 .debug_line    0x000000000000060a      0x136 build/obj/chvt.o
 .debug_line    0x0000000000000740      0x316 build/obj/chschd.o
 .debug_line    0x0000000000000a56      0x35a build/obj/chthreads.o
 .debug_line    0x0000000000000db0      0x19c build/obj/chregistry.o
 .debug_line    0x0000000000000f4c      0x30b build/obj/chmtx.o
 .debug_line    0x0000000000001257      0x127 build/obj/chmemcore.o
 .debug_line    0x000000000000137e      0x244 build/obj/chheap.o
 .debug_line    0x00000000000015c2      0x120 build/obj/board.o
 .debug_line    0x00000000000016e2      0x186 build/obj/system_LPC17xx.o
 .debug_line    0x0000000000001868      0x1fe build/obj/main.o

.debug_str      0x0000000000000000     0x1266
 .debug_str     0x0000000000000000      0x26f build/obj/crt0.o
                                        0x2a3 (size before relaxing)
 .debug_str     0x000000000000026f      0x143 build/obj/vectors.o
                                        0x2cc (size before relaxing)
 .debug_str     0x00000000000003b2      0x2ce build/obj/chcore_v7m.o
                                        0x462 (size before relaxing)
 .debug_str     0x0000000000000680       0x9e build/obj/nvic.o
                                        0x2a0 (size before relaxing)
 .debug_str     0x000000000000071e      0x205 build/obj/chsys.o
                                        0x53a (size before relaxing)
 .debug_str     0x0000000000000923       0x4c build/obj/chvt.o
                                        0x23d (size before relaxing)
 .debug_str     0x000000000000096f       0xdb build/obj/chschd.o
                                        0x46f (size before relaxing)
 .debug_str     0x0000000000000a4a       0xd3 build/obj/chthreads.o
                                        0x4da (size before relaxing)
 .debug_str     0x0000000000000b1d       0x42 build/obj/chregistry.o
                                        0x45d (size before relaxing)
 .debug_str     0x0000000000000b5f       0x8a build/obj/chmtx.o
                                        0x3f4 (size before relaxing)
 .debug_str     0x0000000000000be9       0x70 build/obj/chmemcore.o
                                        0x20c (size before relaxing)
 .debug_str     0x0000000000000c59       0xb3 build/obj/chheap.o
                                        0x3d8 (size before relaxing)
 .debug_str     0x0000000000000d0c      0x2c0 build/obj/board.o
                                        0x4c3 (size before relaxing)
 .debug_str     0x0000000000000fcc      0x154 build/obj/system_LPC17xx.o
                                        0x318 (size before relaxing)
 .debug_str     0x0000000000001120      0x146 build/obj/main.o
                                        0x4d4 (size before relaxing)

.comment        0x0000000000000000       0x11
 .comment       0x0000000000000000       0x11 build/obj/crt0.o
                                         0x12 (size before relaxing)
 .comment       0x0000000000000000       0x12 build/obj/vectors.o
 .comment       0x0000000000000000       0x12 build/obj/chcore_v7m.o
 .comment       0x0000000000000000       0x12 build/obj/nvic.o
 .comment       0x0000000000000000       0x12 build/obj/chsys.o
 .comment       0x0000000000000000       0x12 build/obj/chvt.o
 .comment       0x0000000000000000       0x12 build/obj/chschd.o
 .comment       0x0000000000000000       0x12 build/obj/chthreads.o
 .comment       0x0000000000000000       0x12 build/obj/chregistry.o
 .comment       0x0000000000000000       0x12 build/obj/chmtx.o
 .comment       0x0000000000000000       0x12 build/obj/chmemcore.o
 .comment       0x0000000000000000       0x12 build/obj/chheap.o
 .comment       0x0000000000000000       0x12 build/obj/board.o
 .comment       0x0000000000000000       0x12 build/obj/system_LPC17xx.o
 .comment       0x0000000000000000       0x12 build/obj/main.o

.ARM.attributes
                0x0000000000000000       0x33
 .ARM.attributes
                0x0000000000000000       0x33 build/obj/crt0.o
 .ARM.attributes
                0x0000000000000033       0x33 build/obj/vectors.o
 .ARM.attributes
                0x0000000000000066       0x33 build/obj/chcore_v7m.o
 .ARM.attributes
                0x0000000000000099       0x33 build/obj/nvic.o
 .ARM.attributes
                0x00000000000000cc       0x33 build/obj/chsys.o
 .ARM.attributes
                0x00000000000000ff       0x33 build/obj/chvt.o
 .ARM.attributes
                0x0000000000000132       0x33 build/obj/chschd.o
 .ARM.attributes
                0x0000000000000165       0x33 build/obj/chthreads.o
 .ARM.attributes
                0x0000000000000198       0x33 build/obj/chregistry.o
 .ARM.attributes
                0x00000000000001cb       0x33 build/obj/chmtx.o
 .ARM.attributes
                0x00000000000001fe       0x33 build/obj/chmemcore.o
 .ARM.attributes
                0x0000000000000231       0x33 build/obj/chheap.o
 .ARM.attributes
                0x0000000000000264       0x33 build/obj/board.o
 .ARM.attributes
                0x0000000000000297       0x33 build/obj/system_LPC17xx.o
 .ARM.attributes
                0x00000000000002ca       0x33 build/obj/main.o

.debug_frame    0x0000000000000000      0x790
 .debug_frame   0x0000000000000000       0x50 build/obj/crt0.o
 .debug_frame   0x0000000000000050       0x20 build/obj/vectors.o
 .debug_frame   0x0000000000000070       0x98 build/obj/chcore_v7m.o
 .debug_frame   0x0000000000000108       0x54 build/obj/nvic.o
 .debug_frame   0x000000000000015c       0x5c build/obj/chsys.o
 .debug_frame   0x00000000000001b8       0x5c build/obj/chvt.o
 .debug_frame   0x0000000000000214      0x104 build/obj/chschd.o
 .debug_frame   0x0000000000000318      0x180 build/obj/chthreads.o
 .debug_frame   0x0000000000000498       0x3c build/obj/chregistry.o
 .debug_frame   0x00000000000004d4       0xe4 build/obj/chmtx.o
 .debug_frame   0x00000000000005b8       0x50 build/obj/chmemcore.o
 .debug_frame   0x0000000000000608       0x98 build/obj/chheap.o
 .debug_frame   0x00000000000006a0       0x40 build/obj/board.o
 .debug_frame   0x00000000000006e0       0x48 build/obj/system_LPC17xx.o
 .debug_frame   0x0000000000000728       0x68 build/obj/main.o

Cross Reference Table

Symbol                                            File
BusFaultVector                                    build/obj/vectors.o
DebugMonitorVector                                build/obj/vectors.o
HardFaultVector                                   build/obj/vectors.o
MemManageVector                                   build/obj/vectors.o
NMIVector                                         build/obj/vectors.o
PendSVVector                                      build/obj/vectors.o
ResetHandler                                      build/obj/crt0.o
                                                  build/obj/vectors.o
SVCallVector                                      build/obj/chcore_v7m.o
                                                  build/obj/vectors.o
SysTickVector                                     build/obj/chcore_v7m.o
                                                  build/obj/vectors.o
SystemCoreClock                                   build/obj/system_LPC17xx.o
SystemCoreClockUpdate                             build/obj/system_LPC17xx.o
SystemInit                                        build/obj/system_LPC17xx.o
                                                  build/obj/board.o
UsageFaultVector                                  build/obj/vectors.o
Vector1C                                          build/obj/vectors.o
Vector20                                          build/obj/vectors.o
Vector24                                          build/obj/vectors.o
Vector28                                          build/obj/vectors.o
Vector34                                          build/obj/vectors.o
Vector40                                          build/obj/vectors.o
Vector44                                          build/obj/vectors.o
Vector48                                          build/obj/vectors.o
Vector4C                                          build/obj/vectors.o
Vector50                                          build/obj/vectors.o
Vector54                                          build/obj/vectors.o
Vector58                                          build/obj/vectors.o
Vector5C                                          build/obj/vectors.o
Vector60                                          build/obj/vectors.o
Vector64                                          build/obj/vectors.o
Vector68                                          build/obj/vectors.o
Vector6C                                          build/obj/vectors.o
Vector70                                          build/obj/vectors.o
Vector74                                          build/obj/vectors.o
Vector78                                          build/obj/vectors.o
Vector7C                                          build/obj/vectors.o
Vector80                                          build/obj/vectors.o
Vector84                                          build/obj/vectors.o
Vector88                                          build/obj/vectors.o
Vector8C                                          build/obj/vectors.o
Vector90                                          build/obj/vectors.o
Vector94                                          build/obj/vectors.o
Vector98                                          build/obj/vectors.o
Vector9C                                          build/obj/vectors.o
VectorA0                                          build/obj/vectors.o
VectorA4                                          build/obj/vectors.o
VectorA8                                          build/obj/vectors.o
VectorAC                                          build/obj/vectors.o
VectorB0                                          build/obj/vectors.o
VectorB4                                          build/obj/vectors.o
VectorB8                                          build/obj/vectors.o
VectorBC                                          build/obj/vectors.o
VectorC0                                          build/obj/vectors.o
VectorC4                                          build/obj/vectors.o
VectorC8                                          build/obj/vectors.o
__aeabi_idiv0                                     /home/daniofb/arm-cm3-eabi/lib/gcc/arm-cm3-eabi/4.8.1/libgcc.a(_dvmd_tls.o)
__aeabi_ldiv0                                     /home/daniofb/arm-cm3-eabi/lib/gcc/arm-cm3-eabi/4.8.1/libgcc.a(_dvmd_tls.o)
                                                  /home/daniofb/arm-cm3-eabi/lib/gcc/arm-cm3-eabi/4.8.1/libgcc.a(_aeabi_uldivmod.o)
__aeabi_uldivmod                                  /home/daniofb/arm-cm3-eabi/lib/gcc/arm-cm3-eabi/4.8.1/libgcc.a(_aeabi_uldivmod.o)
                                                  build/obj/system_LPC17xx.o
__divdi3                                          /home/daniofb/arm-cm3-eabi/lib/gcc/arm-cm3-eabi/4.8.1/libgcc.a(_divdi3.o)
                                                  /home/daniofb/arm-cm3-eabi/lib/gcc/arm-cm3-eabi/4.8.1/libgcc.a(bpabi.o)
__early_init                                      build/obj/board.o
                                                  build/obj/crt0.o
__fini_array_end                                  build/obj/crt0.o
__fini_array_start                                build/obj/crt0.o
__gnu_ldivmod_helper                              /home/daniofb/arm-cm3-eabi/lib/gcc/arm-cm3-eabi/4.8.1/libgcc.a(bpabi.o)
__gnu_uldivmod_helper                             /home/daniofb/arm-cm3-eabi/lib/gcc/arm-cm3-eabi/4.8.1/libgcc.a(bpabi.o)
                                                  /home/daniofb/arm-cm3-eabi/lib/gcc/arm-cm3-eabi/4.8.1/libgcc.a(_aeabi_uldivmod.o)
__heap_base__                                     build/obj/chmemcore.o
__heap_end__                                      build/obj/chmemcore.o
__init_array_end                                  build/obj/crt0.o
__init_array_start                                build/obj/crt0.o
__late_init                                       build/obj/crt0.o
__main_stack_base__                               build/obj/crt0.o
__main_stack_end__                                build/obj/vectors.o
                                                  build/obj/crt0.o
__process_stack_base__                            build/obj/crt0.o
__process_stack_end__                             build/obj/crt0.o
__udivdi3                                         /home/daniofb/arm-cm3-eabi/lib/gcc/arm-cm3-eabi/4.8.1/libgcc.a(_udivdi3.o)
                                                  /home/daniofb/arm-cm3-eabi/lib/gcc/arm-cm3-eabi/4.8.1/libgcc.a(bpabi.o)
_bss_end                                          build/obj/crt0.o
_bss_start                                        build/obj/crt0.o
_close_r                                          build/obj/syscalls.o
_core_init                                        build/obj/chmemcore.o
                                                  build/obj/chsys.o
_data                                             build/obj/crt0.o
_default_exit                                     build/obj/crt0.o
_edata                                            build/obj/crt0.o
_fstat_r                                          build/obj/syscalls.o
_heap_init                                        build/obj/chheap.o
                                                  build/obj/chsys.o
_idle_thread                                      build/obj/chsys.o
_idle_thread_wa                                   build/obj/chsys.o
_isatty_r                                         build/obj/syscalls.o
_lseek_r                                          build/obj/syscalls.o
_port_init                                        build/obj/chcore_v7m.o
                                                  build/obj/chsys.o
_port_irq_epilogue                                build/obj/chcore_v7m.o
_port_switch                                      build/obj/chcore_v7m.o
                                                  build/obj/chschd.o
_port_switch_from_isr                             build/obj/chcore_v7m.o
_port_thread_start                                build/obj/chcore_v7m.o
                                                  build/obj/chthreads.o
_read_r                                           build/obj/syscalls.o
_sbrk_r                                           build/obj/syscalls.o
_scheduler_init                                   build/obj/chschd.o
                                                  build/obj/chsys.o
_textdata                                         build/obj/crt0.o
_thread_init                                      build/obj/chthreads.o
                                                  build/obj/chsys.o
_unhandled_exception                              build/obj/vectors.o
_vectors                                          build/obj/vectors.o
_vt_init                                          build/obj/chvt.o
                                                  build/obj/chsys.o
_write_r                                          build/obj/syscalls.o
boardInit                                         build/obj/board.o
chCondBroadcast                                   build/obj/chcond.o
chCondBroadcastI                                  build/obj/chcond.o
chCondInit                                        build/obj/chcond.o
chCondSignal                                      build/obj/chcond.o
chCondSignalI                                     build/obj/chcond.o
chCondWait                                        build/obj/chcond.o
chCondWaitS                                       build/obj/chcond.o
chCondWaitTimeout                                 build/obj/chcond.o
chCondWaitTimeoutS                                build/obj/chcond.o
chCoreAlloc                                       build/obj/chmemcore.o
                                                  build/obj/syscalls.o
                                                  build/obj/chheap.o
chCoreAllocI                                      build/obj/chmemcore.o
chCoreStatus                                      build/obj/chmemcore.o
chEvtAddEvents                                    build/obj/chevents.o
chEvtBroadcastFlags                               build/obj/chevents.o
chEvtBroadcastFlagsI                              build/obj/chevents.o
                                                  build/obj/evtimer.o
chEvtDispatch                                     build/obj/chevents.o
chEvtGetAndClearEvents                            build/obj/chevents.o
chEvtGetAndClearFlags                             build/obj/chevents.o
chEvtGetAndClearFlagsI                            build/obj/chevents.o
chEvtRegisterMask                                 build/obj/chevents.o
chEvtSignal                                       build/obj/chevents.o
chEvtSignalI                                      build/obj/chevents.o
chEvtUnregister                                   build/obj/chevents.o
chEvtWaitAll                                      build/obj/chevents.o
chEvtWaitAllTimeout                               build/obj/chevents.o
chEvtWaitAny                                      build/obj/chevents.o
chEvtWaitAnyTimeout                               build/obj/chevents.o
chEvtWaitOne                                      build/obj/chevents.o
chEvtWaitOneTimeout                               build/obj/chevents.o
chHeapAlloc                                       build/obj/chheap.o
                                                  build/obj/chdynamic.o
chHeapFree                                        build/obj/chheap.o
                                                  build/obj/chdynamic.o
chHeapInit                                        build/obj/chheap.o
chHeapStatus                                      build/obj/chheap.o
chIQGetTimeout                                    build/obj/chqueues.o
chIQInit                                          build/obj/chqueues.o
chIQPutI                                          build/obj/chqueues.o
chIQReadTimeout                                   build/obj/chqueues.o
chIQResetI                                        build/obj/chqueues.o
chMBFetch                                         build/obj/chmboxes.o
chMBFetchI                                        build/obj/chmboxes.o
chMBFetchS                                        build/obj/chmboxes.o
chMBInit                                          build/obj/chmboxes.o
chMBPost                                          build/obj/chmboxes.o
chMBPostAhead                                     build/obj/chmboxes.o
chMBPostAheadI                                    build/obj/chmboxes.o
chMBPostAheadS                                    build/obj/chmboxes.o
chMBPostI                                         build/obj/chmboxes.o
chMBPostS                                         build/obj/chmboxes.o
chMBReset                                         build/obj/chmboxes.o
chMsgRelease                                      build/obj/chmsg.o
chMsgSend                                         build/obj/chmsg.o
chMsgWait                                         build/obj/chmsg.o
chMtxInit                                         build/obj/chmtx.o
                                                  build/obj/chheap.o
chMtxLock                                         build/obj/chmtx.o
                                                  build/obj/chheap.o
chMtxLockS                                        build/obj/chmtx.o
                                                  build/obj/chcond.o
chMtxTryLock                                      build/obj/chmtx.o
chMtxTryLockS                                     build/obj/chmtx.o
chMtxUnlock                                       build/obj/chmtx.o
                                                  build/obj/chheap.o
chMtxUnlockAll                                    build/obj/chmtx.o
chMtxUnlockS                                      build/obj/chmtx.o
                                                  build/obj/chcond.o
chOQGetI                                          build/obj/chqueues.o
chOQInit                                          build/obj/chqueues.o
chOQPutTimeout                                    build/obj/chqueues.o
chOQResetI                                        build/obj/chqueues.o
chOQWriteTimeout                                  build/obj/chqueues.o
chPoolAlloc                                       build/obj/chmempools.o
                                                  build/obj/chdynamic.o
chPoolAllocI                                      build/obj/chmempools.o
chPoolFree                                        build/obj/chmempools.o
                                                  build/obj/chdynamic.o
chPoolFreeI                                       build/obj/chmempools.o
chPoolInit                                        build/obj/chmempools.o
chPoolLoadArray                                   build/obj/chmempools.o
chRegFirstThread                                  build/obj/chregistry.o
chRegNextThread                                   build/obj/chregistry.o
chSchDoReschedule                                 build/obj/chschd.o
                                                  build/obj/chcore_v7m.o
chSchDoRescheduleAhead                            build/obj/chschd.o
chSchDoRescheduleBehind                           build/obj/chschd.o
                                                  build/obj/chthreads.o
chSchGoSleepS                                     build/obj/chschd.o
                                                  build/obj/chmsg.o
                                                  build/obj/chevents.o
                                                  build/obj/chcond.o
                                                  build/obj/chmtx.o
                                                  build/obj/chsem.o
                                                  build/obj/chthreads.o
chSchGoSleepTimeoutS                              build/obj/chschd.o
                                                  build/obj/chqueues.o
                                                  build/obj/chevents.o
                                                  build/obj/chcond.o
                                                  build/obj/chsem.o
                                                  build/obj/chthreads.o
chSchReadyI                                       build/obj/chschd.o
                                                  build/obj/chqueues.o
                                                  build/obj/chmsg.o
                                                  build/obj/chevents.o
                                                  build/obj/chcond.o
                                                  build/obj/chmtx.o
                                                  build/obj/chsem.o
                                                  build/obj/chthreads.o
chSchRescheduleS                                  build/obj/chschd.o
                                                  build/obj/chmboxes.o
                                                  build/obj/chevents.o
                                                  build/obj/chcond.o
                                                  build/obj/chmtx.o
                                                  build/obj/chsem.o
                                                  build/obj/chthreads.o
chSchWakeupS                                      build/obj/chschd.o
                                                  build/obj/chmsg.o
                                                  build/obj/chcond.o
                                                  build/obj/chmtx.o
                                                  build/obj/chsem.o
                                                  build/obj/chdynamic.o
                                                  build/obj/chthreads.o
chSemAddCounterI                                  build/obj/chsem.o
chSemInit                                         build/obj/chsem.o
                                                  build/obj/chmboxes.o
chSemReset                                        build/obj/chsem.o
chSemResetI                                       build/obj/chsem.o
                                                  build/obj/chmboxes.o
chSemSignal                                       build/obj/chsem.o
chSemSignalI                                      build/obj/chsem.o
                                                  build/obj/chmboxes.o
chSemSignalWait                                   build/obj/chsem.o
chSemWait                                         build/obj/chsem.o
chSemWaitS                                        build/obj/chsem.o
chSemWaitTimeout                                  build/obj/chsem.o
chSemWaitTimeoutS                                 build/obj/chsem.o
                                                  build/obj/chmboxes.o
chSysInit                                         build/obj/chsys.o
                                                  build/obj/main.o
chSysTimerHandlerI                                build/obj/chsys.o
                                                  build/obj/chcore_v7m.o
chThdAddRef                                       build/obj/chdynamic.o
chThdCreateFromHeap                               build/obj/chdynamic.o
chThdCreateFromMemoryPool                         build/obj/chdynamic.o
chThdCreateI                                      build/obj/chthreads.o
                                                  build/obj/chdynamic.o
chThdCreateStatic                                 build/obj/chthreads.o
                                                  build/obj/main.o
                                                  build/obj/chsys.o
chThdExit                                         build/obj/chthreads.o
                                                  build/obj/chcore_v7m.o
chThdExitS                                        build/obj/chthreads.o
chThdRelease                                      build/obj/chdynamic.o
                                                  build/obj/chregistry.o
                                                  build/obj/chthreads.o
chThdResume                                       build/obj/chthreads.o
chThdSetPriority                                  build/obj/chthreads.o
chThdSleep                                        build/obj/chthreads.o
                                                  build/obj/main.o
chThdSleepUntil                                   build/obj/chthreads.o
chThdTerminate                                    build/obj/chthreads.o
chThdWait                                         build/obj/chthreads.o
chThdYield                                        build/obj/chthreads.o
chTimeIsWithin                                    build/obj/chvt.o
chVTResetI                                        build/obj/chvt.o
                                                  build/obj/evtimer.o
                                                  build/obj/chschd.o
chVTSetI                                          build/obj/chvt.o
                                                  build/obj/evtimer.o
                                                  build/obj/chschd.o
ch_debug                                          build/obj/chregistry.o
                                                  build/obj/chsys.o
evtStart                                          build/obj/evtimer.o
evtStop                                           build/obj/evtimer.o
main                                              build/obj/main.o
                                                  build/obj/crt0.o
memset                                            /home/daniofb/arm-cm3-eabi/lib/gcc/arm-cm3-eabi/4.8.1/../../../../arm-cm3-eabi/lib/libc.a(lib_a-memset.o)
                                                  build/obj/syscalls.o
nvicDisableVector                                 build/obj/nvic.o
nvicEnableVector                                  build/obj/nvic.o
nvicSetSystemHandlerPriority                      build/obj/nvic.o
                                                  build/obj/chcore_v7m.o
port_halt                                         build/obj/chcore.o
rlist                                             build/obj/chschd.o
                                                  build/obj/main.o
                                                  build/obj/chqueues.o
                                                  build/obj/chmsg.o
                                                  build/obj/chevents.o
                                                  build/obj/chcond.o
                                                  build/obj/chmtx.o
                                                  build/obj/chsem.o
                                                  build/obj/chregistry.o
                                                  build/obj/chthreads.o
                                                  build/obj/chsys.o
                                                  build/obj/chcore_v7m.o
vtlist                                            build/obj/chvt.o
                                                  build/obj/chthreads.o
                                                  build/obj/chsys.o
